initbeforeinitafter
destroy
beforeinitafter
destroy
beforeinitafter
destroy
before// "use strict";
// Object.defineProperty(exports, "__esModule", { value: true });
class tclass {
    constructor(param){
        this.param = param;
        // console.log(param);
    }
    sayHello(){
        console.log(this.param);
    }
}
exports.tclass = tclass;
after
destroy
